[INFO] Scanning for projects...
[INFO] 
[INFO] ------------------< com.churchapp:church-app-backend >------------------
[INFO] Building church-app-backend 0.0.1-SNAPSHOT
[INFO]   from pom.xml
[INFO] --------------------------------[ jar ]---------------------------------
[WARNING] The artifact com.itextpdf:itext7-core:pom:8.0.2 has been relocated to com.itextpdf:itext-core:pom:8.0.2
[INFO] 
[INFO] --- clean:3.3.2:clean (default-clean) @ church-app-backend ---
[INFO] Deleting C:\Users\Admin\Church-App\Church-App\backend\target
[INFO] 
[INFO] --- resources:3.3.1:resources (default-resources) @ church-app-backend ---
[INFO] Copying 2 resources from src\main\resources to target\classes
[INFO] Copying 36 resources from src\main\resources to target\classes
[INFO] 
[INFO] --- compiler:3.11.0:compile (default-compile) @ church-app-backend ---
[INFO] Changes detected - recompiling the module! :source
[INFO] Compiling 304 source files with javac [debug release 17] to target\classes
[WARNING] /C:/Users/Admin/Church-App/Church-App/backend/src/main/java/com/churchapp/service/OrganizationService.java:[377,39] deprecated item is not annotated with @Deprecated
[INFO] /C:/Users/Admin/Church-App/Church-App/backend/src/main/java/com/churchapp/service/PostService.java: Some input files use or override a deprecated API.
[INFO] /C:/Users/Admin/Church-App/Church-App/backend/src/main/java/com/churchapp/service/PostService.java: Recompile with -Xlint:deprecation for details.
[INFO] 
[INFO] --- resources:3.3.1:testResources (default-testResources) @ church-app-backend ---
[INFO] Copying 2 resources from src\test\resources to target\test-classes
[INFO] 
[INFO] --- compiler:3.11.0:testCompile (default-testCompile) @ church-app-backend ---
[INFO] Changes detected - recompiling the module! :dependency
[INFO] Compiling 9 source files with javac [debug release 17] to target\test-classes
[INFO] 
[INFO] --- surefire:3.1.2:test (default-test) @ church-app-backend ---
[INFO] Tests are skipped.
[INFO] 
[INFO] --- jar:3.3.0:jar (default-jar) @ church-app-backend ---
[INFO] Building jar: C:\Users\Admin\Church-App\Church-App\backend\target\church-app-backend-0.0.1-SNAPSHOT.jar
[INFO] 
[INFO] --- spring-boot:3.2.0:repackage (repackage) @ church-app-backend ---
[INFO] Replacing main artifact C:\Users\Admin\Church-App\Church-App\backend\target\church-app-backend-0.0.1-SNAPSHOT.jar with repackaged archive, adding nested dependencies in BOOT-INF/.
[INFO] The original artifact has been renamed to C:\Users\Admin\Church-App\Church-App\backend\target\church-app-backend-0.0.1-SNAPSHOT.jar.original
[INFO] ------------------------------------------------------------------------
[INFO] BUILD SUCCESS
[INFO] ------------------------------------------------------------------------
[INFO] Total time:  24.758 s
[INFO] Finished at: 2025-12-07T21:49:44-08:00
[INFO] ------------------------------------------------------------------------
